// Jest Snapshot v1, https://goo.gl/fbAQLP

exports[`Component(Avatar) should display the Avatar 1`] = `
<body>
  <div>
    <img
      alt="Avatar"
      class="avatar"
      data-nimg="1"
      decoding="async"
      height="40"
      src="/_next/image?url=https%3A%2F%2Fsilvy.rains.cafe&w=96&q=75"
      srcset="/_next/image?url=https%3A%2F%2Fsilvy.rains.cafe&w=48&q=75 1x, /_next/image?url=https%3A%2F%2Fsilvy.rains.cafe&w=96&q=75 2x"
      style="color: transparent;"
      width="40"
    />
  </div>
</body>
`;
